Traceback (most recent call last):
  File "/home/sichentao/Desktop/projects/04-ENE-wind-farm-layout-optimization/fode-hpc-wflop-executor-003/scripts/run_hpc_core_target_scaling.py", line 1206, in <module>
    raise SystemExit(main())
                     ~~~~^^
  File "/home/sichentao/Desktop/projects/04-ENE-wind-farm-layout-optimization/fode-hpc-wflop-executor-003/scripts/run_hpc_core_target_scaling.py", line 1058, in main
    raw, process_receipt = measured_process(
                           ~~~~~~~~~~~~~~~~^
        command,
        ^^^^^^^^
        available_cpus[:worker],
        ^^^^^^^^^^^^^^^^^^^^^^^^
        front_path=front_path,
        ^^^^^^^^^^^^^^^^^^^^^^
    )
    ^
  File "/home/sichentao/Desktop/projects/04-ENE-wind-farm-layout-optimization/fode-hpc-wflop-executor-003/scripts/run_hpc_core_target_scaling.py", line 356, in measured_process
    status_value(Path(f"/proc/{process.pid}/status"), "VmRSS"),
    ~~~~~~~~~~~~^^^^^^^^^^^^^^^^^^^^^^^^^^^^^^^^^^^^^^^^^^^^^^
  File "/home/sichentao/Desktop/projects/04-ENE-wind-farm-layout-optimization/fode-hpc-wflop-executor-003/scripts/run_hpc_core_target_scaling.py", line 304, in status_value
    for line in path.read_text(encoding="utf-8").splitlines():
                ~~~~~~~~~~~~~~^^^^^^^^^^^^^^^^^^
  File "/home/sichentao/miniconda3/lib/python3.13/pathlib/_local.py", line 546, in read_text
    return PathBase.read_text(self, encoding, errors, newline)
           ~~~~~~~~~~~~~~~~~~^^^^^^^^^^^^^^^^^^^^^^^^^^^^^^^^^
  File "/home/sichentao/miniconda3/lib/python3.13/pathlib/_abc.py", line 632, in read_text
    with self.open(mode='r', encoding=encoding, errors=errors, newline=newline) as f:
         ~~~~~~~~~^^^^^^^^^^^^^^^^^^^^^^^^^^^^^^^^^^^^^^^^^^^^^^^^^^^^^^^^^^^^^
  File "/home/sichentao/miniconda3/lib/python3.13/pathlib/_local.py", line 537, in open
    return io.open(self, mode, buffering, encoding, errors, newline)
           ~~~~~~~^^^^^^^^^^^^^^^^^^^^^^^^^^^^^^^^^^^^^^^^^^^^^^^^^^
  File "<frozen codecs>", line 312, in __init__
KeyboardInterrupt
